Microchip MPLAB XC8 Compiler V2.30

Linker command line:

-W-3 --edf=C:\Program Files\Microchip\xc8\v2.30\pic\dat\en_msgs.txt -cn \
  -h+dist/default/debug\ProximitySensor.X.debug.sym \
  --cmf=dist/default/debug\ProximitySensor.X.debug.cmf -z -Q12F683 \
  -oC:\Users\30698\AppData\Local\Temp\s7f8x2 --defsym=__MPLAB_BUILD=1 \
  -Mdist/default/debug/ProximitySensor.X.debug.map -E1 -ver=XC8 Compiler \
  --acfsm=1493 -ASTACK=020h-064h -pstack=STACK -ACODE=00h-06FFh,07FFh-07FFh \
  -ASTRCODE=00h-06FFh,07FFh-07FFh -ASTRING=00h-0FFhx7,07FFh-07FFh \
  -ACONST=00h-0FFhx7,07FFh-07FFh -AENTRY=00h-0FFhx7,07FFh-07FFh \
  -ACOMMON=071h-07Fh -ABANK0=020h-064h -ABANK1=0A0h-0BFh \
  -ARAM=020h-064h,0A0h-0BFh -AABS1=020h-07Fh,0A0h-0BFh -ASFR0=00h-01Fh \
  -ASFR1=080h-09Fh -ACONFIG=02007h-02007h -DCONFIG=2 -AIDLOC=02000h-02003h \
  -DIDLOC=2 -AEEDATA=00h-0FFh/02100h -peeprom_data=EEDATA -DEEDATA=2 \
  -DCODE=2 -DSTRCODE=2 -DSTRING=2 -DCONST=2 -DENTRY=2 \
  -preset_vec=00h,intentry,init,end_init -ppowerup=CODE -pcinit=CODE \
  -pfunctab=ENTRY -k C:\Users\30698\AppData\Local\Temp\s7f8xb.o \
  dist/default/debug\ProximitySensor.X.debug.o 

Object code version is 3.11

Machine type is 12F683



                Name                               Link     Load   Length Selector   Space Scale
C:\Users\30698\AppData\Local\Temp\s7f8xb.o
                end_init                              1        1        1        0       0
                reset_vec                             0        0        1        0       0
                config                             2007     2007        1        0       4
dist/default/debug\ProximitySensor.X.debug.o
                cinit                               6FE      6FE        2      DFC       0
                config                             2007     2007        1        0       4
                text1                               699      699       1B      D32       0
                maintext                            6B4      6B4       4A      D68       0
                cstackCOMMON                         71       71        8       71       1

TOTAL           Name                               Link     Load   Length     Space
        CLASS   STACK          

        CLASS   CODE           
                end_init                              1        1        1         0
                cinit                               6FE      6FE        2         0
                reset_vec                             0        0        1         0
                text1                               699      699       1B         0
                maintext                            6B4      6B4       4A         0

        CLASS   STRCODE        

        CLASS   STRING         

        CLASS   CONST          

        CLASS   ENTRY          

        CLASS   COMMON         
                cstackCOMMON                         71       71        8         1

        CLASS   BANK0          

        CLASS   BANK1          

        CLASS   RAM            

        CLASS   ABS1           
                abs_s1                               7E       7E        2         1

        CLASS   SFR0           

        CLASS   SFR1           

        CLASS   CONFIG         
                config                             2007     2007        1         4

        CLASS   IDLOC          

        CLASS   EEDATA         



SEGMENTS        Name                           Load    Length   Top    Selector   Space  Class     Delta

                reset_vec                      000000  000002  000002         0       0  CODE        2
                cstackCOMMON                   000071  000008  000079        71       1  COMMON      1
                text1                          000699  00001B  0006B4       D32       0  CODE        2
                maintext                       0006B4  00004A  0006FE       D68       0  CODE        2
                cinit                          0006FE  000002  000700       DFC       0  CODE        2


UNUSED ADDRESS RANGES

        Name                Unused          Largest block    Delta
        BANK0            0020-0064             45           1
        BANK1            00A0-00BF             20           1
        CODE             0002-0698            697           2
                         07FF-07FF              1
        COMMON           0079-007D              5           1
        CONST            0002-0698            100           2
                         07FF-07FF              1
        EEDATA           2100-21FF            100           2
        ENTRY            0002-0698            100           2
                         07FF-07FF              1
        IDLOC            2000-2003              4           2
        RAM              0020-0064             45           1
                         00A0-00BF             20
        SFR0             0000-001F             20           1
        SFR1             0080-009F             20           1
        STACK            0020-0064             45           1
        STRCODE          0002-0698            697           2
                         07FF-07FF              1
        STRING           0002-0698            100           2
                         07FF-07FF              1

                                  Symbol Table

_ANSEL                   (abs)        009F
_CMCON0                  (abs)        0019
_GP0                     (abs)        0028
_GP2                     (abs)        002A
_GP5                     (abs)        002D
_GPIO                    (abs)        0005
_SendSignal              text1        0699
_TRISIO                  (abs)        0085
_TRISIO5                 (abs)        042D
__Habs1                  abs1         0000
__Hbank0                 bank0        0000
__Hbank1                 bank1        0000
__Hcinit                 cinit        0700
__Hclrtext               clrtext      0000
__Hcode                  code         0000
__Hcommon                common       0000
__Hconfig                config       2008
__HcstackCOMMON          cstackCOMMON 0000
__Heeprom_data           eeprom_data  0000
__Hend_init              end_init     0002
__Hfunctab               functab      0000
__Hinit                  init         0001
__Hintentry              intentry     0001
__Hmaintext              maintext     0000
__Hpowerup               powerup      0000
__Hram                   ram          0000
__Hreset_vec             reset_vec    0001
__Hsfr0                  sfr0         0000
__Hsfr1                  sfr1         0000
__Hspace_0               (abs)        0700
__Hspace_1               (abs)        0079
__Hspace_2               (abs)        0000
__Hspace_3               (abs)        0000
__Hspace_4               (abs)        400F
__Hstack                 stack        0000
__Hstrings               strings      0000
__Htext                  text         0000
__Labs1                  abs1         0000
__Lbank0                 bank0        0000
__Lbank1                 bank1        0000
__Lcinit                 cinit        06FE
__Lclrtext               clrtext      0000
__Lcode                  code         0000
__Lcommon                common       0000
__Lconfig                config       0000
__LcstackCOMMON          cstackCOMMON 0000
__Leeprom_data           eeprom_data  0000
__Lend_init              end_init     0001
__Lfunctab               functab      0000
__Linit                  init         0001
__Lintentry              intentry     0001
__Lmaintext              maintext     0000
__Lpowerup               powerup      0000
__Lram                   ram          0000
__Lreset_vec             reset_vec    0000
__Lsfr0                  sfr0         0000
__Lsfr1                  sfr1         0000
__Lspace_0               (abs)        0000
__Lspace_1               (abs)        0000
__Lspace_2               (abs)        0000
__Lspace_3               (abs)        0000
__Lspace_4               (abs)        0000
__Lstack                 stack        0000
__Lstrings               strings      0000
__Ltext                  text         0000
__S0                     (abs)        0700
__S1                     (abs)        0079
__S2                     (abs)        0000
__S3                     (abs)        0000
___int_sp                stack        0000
___latbits               (abs)        0000
___sp                    stack        0000
___stackhi               (abs)        0000
___stacklo               (abs)        0000
__end_of_SendSignal      text1        06B4
__end_of__initialization cinit        06FE
__end_of_main            maintext     06FE
__initialization         cinit        06FE
__pcstackCOMMON          cstackCOMMON 0071
__pmaintext              maintext     06B4
__ptext1                 text1        0699
__size_of_SendSignal     (abs)        0000
__size_of_main           (abs)        0000
_main                    maintext     06B4
btemp                    (abs)        007E
end_of_initialization    cinit        06FE
intlevel0                functab      0000
intlevel1                functab      0000
intlevel2                functab      0000
intlevel3                functab      0000
intlevel4                functab      0000
intlevel5                functab      0000
main@i                   cstackCOMMON 0077
reset_vec                reset_vec    0000
start                    init         0001
start_initialization     cinit        06FE
wtemp0                   (abs)        007E


FUNCTION INFORMATION:

 *************** function _main *****************
 Defined at:
		line 33 in file "Main.c"
 Parameters:    Size  Location     Type
		None
 Auto vars:     Size  Location     Type
  i               2    6[COMMON] int 
 Return value:  Size  Location     Type
                  2   25[None  ] int 
 Registers used:
		wreg, status,2, status,0, btemp+1, pclath, cstack
 Tracked objects:
		On entry : 
		On exit  : 
		Unchanged: 
 Data sizes:     COMMON   BANK0   BANK1
      Params:         0       0       0
      Locals:         2       0       0
      Temps:          3       0       0
      Totals:         5       0       0
Total ram usage:        5 bytes
 Hardware stack levels required when called:    1
 This function calls:
		_SendSignal
 This function is called by:
		Startup code after reset
 This function uses a non-reentrant model


 *************** function _SendSignal *****************
 Defined at:
		line 22 in file "Main.c"
 Parameters:    Size  Location     Type
		None
 Auto vars:     Size  Location     Type
		None
 Return value:  Size  Location     Type
                  1    wreg      void 
 Registers used:
		wreg, status,2
 Tracked objects:
		On entry : 
		On exit  : 
		Unchanged: 
 Data sizes:     COMMON   BANK0   BANK1
      Params:         0       0       0
      Locals:         0       0       0
      Temps:          3       0       0
      Totals:         3       0       0
Total ram usage:        3 bytes
 Hardware stack levels used:    1
 This function calls:
		Nothing
 This function is called by:
		_main
 This function uses a non-reentrant model



MODULE INFORMATION

Module		Function		Class		Link	Load	Size
Main.c
		_main          		CODE           	06B4	0000	74
		_SendSignal    		CODE           	0699	0000	27

Main.c estimated size: 101

shared
		__initialization		CODE           	06FE	0000	1

shared estimated size: 1

